Archive member included to satisfy reference by file (symbol)

c:/program files (x86)/atmel/studio/7.0/toolchain/avr8/avr8-gnu-toolchain/bin/../lib/gcc/avr/5.4.0/avrxmega4\libgcc.a(_exit.o)
                              C:/Program Files (x86)/Atmel/Studio/7.0/Packs/Atmel/AVR-Dx_DFP/1.8.95/gcc/dev/avr128db48/avrxmega4/crtavr128db48.o (exit)
c:/program files (x86)/atmel/studio/7.0/toolchain/avr8/avr8-gnu-toolchain/bin/../lib/gcc/avr/5.4.0/avrxmega4\libgcc.a(_clear_bss.o)
                              driver_isr.o (__do_clear_bss)

Allocating common symbols
Common symbol       size              file

ADC_0_measurement_normalized
                    0x1               examples/src/adc_basic_example.o
ADC_0_measurement   0x2               examples/src/adc_basic_example.o

Discarded input sections

 .data          0x00000000        0x0 C:/Program Files (x86)/Atmel/Studio/7.0/Packs/Atmel/AVR-Dx_DFP/1.8.95/gcc/dev/avr128db48/avrxmega4/crtavr128db48.o
 .bss           0x00000000        0x0 C:/Program Files (x86)/Atmel/Studio/7.0/Packs/Atmel/AVR-Dx_DFP/1.8.95/gcc/dev/avr128db48/avrxmega4/crtavr128db48.o
 .text          0x00000000        0x0 atmel_start.o
 .data          0x00000000        0x0 atmel_start.o
 .bss           0x00000000        0x0 atmel_start.o
 .text          0x00000000        0x0 driver_isr.o
 .data          0x00000000        0x0 driver_isr.o
 .bss           0x00000000        0x0 driver_isr.o
 .text          0x00000000        0x0 examples/src/adc_basic_example.o
 .data          0x00000000        0x0 examples/src/adc_basic_example.o
 .bss           0x00000000        0x0 examples/src/adc_basic_example.o
 .text.ADC_0_test_adc_basic
                0x00000000       0x38 examples/src/adc_basic_example.o
 .debug_info    0x00000000      0x10d examples/src/adc_basic_example.o
 .debug_abbrev  0x00000000       0xa3 examples/src/adc_basic_example.o
 .debug_loc     0x00000000       0x2f examples/src/adc_basic_example.o
 .debug_aranges
                0x00000000       0x20 examples/src/adc_basic_example.o
 .debug_ranges  0x00000000       0x10 examples/src/adc_basic_example.o
 .debug_line    0x00000000       0xdf examples/src/adc_basic_example.o
 .debug_str     0x00000000      0x20e examples/src/adc_basic_example.o
 .comment       0x00000000       0x31 examples/src/adc_basic_example.o
 .debug_frame   0x00000000       0x30 examples/src/adc_basic_example.o
 COMMON         0x00000000        0x3 examples/src/adc_basic_example.o
 .text          0x00000000        0x0 examples/src/dac_basic_example.o
 .data          0x00000000        0x0 examples/src/dac_basic_example.o
 .bss           0x00000000        0x0 examples/src/dac_basic_example.o
 .text.DAC_0_test_dac_basic
                0x00000000       0x10 examples/src/dac_basic_example.o
 .debug_info    0x00000000       0xbf examples/src/dac_basic_example.o
 .debug_abbrev  0x00000000       0x72 examples/src/dac_basic_example.o
 .debug_aranges
                0x00000000       0x20 examples/src/dac_basic_example.o
 .debug_ranges  0x00000000       0x10 examples/src/dac_basic_example.o
 .debug_line    0x00000000       0xd9 examples/src/dac_basic_example.o
 .debug_str     0x00000000      0x1c5 examples/src/dac_basic_example.o
 .comment       0x00000000       0x31 examples/src/dac_basic_example.o
 .debug_frame   0x00000000       0x24 examples/src/dac_basic_example.o
 .text          0x00000000        0x0 main.o
 .data          0x00000000        0x0 main.o
 .bss           0x00000000        0x0 main.o
 .text          0x00000000        0x0 src/adc_basic.o
 .data          0x00000000        0x0 src/adc_basic.o
 .bss           0x00000000        0x0 src/adc_basic.o
 .text.ADC_0_enable
                0x00000000        0xc src/adc_basic.o
 .text.ADC_0_disable
                0x00000000        0xc src/adc_basic.o
 .text.ADC_0_start_conversion
                0x00000000       0x12 src/adc_basic.o
 .text.ADC_0_start_diff_conversion
                0x00000000       0x14 src/adc_basic.o
 .text.ADC_0_stop_conversion
                0x00000000        0x8 src/adc_basic.o
 .text.ADC_0_is_conversion_done
                0x00000000        0x8 src/adc_basic.o
 .text.ADC_0_get_conversion_result
                0x00000000        0xa src/adc_basic.o
 .text.ADC_0_get_conversion
                0x00000000       0x1c src/adc_basic.o
 .text.ADC_0_get_diff_conversion
                0x00000000       0x1c src/adc_basic.o
 .text.ADC_0_get_resolution
                0x00000000       0x10 src/adc_basic.o
 .text          0x00000000        0x0 src/bod.o
 .data          0x00000000        0x0 src/bod.o
 .bss           0x00000000        0x0 src/bod.o
 .text          0x00000000        0x0 src/clkctrl.o
 .data          0x00000000        0x0 src/clkctrl.o
 .bss           0x00000000        0x0 src/clkctrl.o
 .text          0x00000000        0x0 src/cpuint.o
 .data          0x00000000        0x0 src/cpuint.o
 .bss           0x00000000        0x0 src/cpuint.o
 .text          0x00000000        0x0 src/dac_basic.o
 .data          0x00000000        0x0 src/dac_basic.o
 .bss           0x00000000        0x0 src/dac_basic.o
 .text.DAC_0_enable
                0x00000000        0xc src/dac_basic.o
 .text.DAC_0_disable
                0x00000000        0xc src/dac_basic.o
 .text.DAC_0_set_output
                0x00000000       0x1c src/dac_basic.o
 .text.DAC_0_get_resolution
                0x00000000        0x4 src/dac_basic.o
 .text          0x00000000        0x0 src/driver_init.o
 .data          0x00000000        0x0 src/driver_init.o
 .bss           0x00000000        0x0 src/driver_init.o
 .text          0x00000000        0x0 src/evsys.o
 .data          0x00000000        0x0 src/evsys.o
 .bss           0x00000000        0x0 src/evsys.o
 .text          0x00000000        0x0 src/opamp_basic.o
 .data          0x00000000        0x0 src/opamp_basic.o
 .bss           0x00000000        0x0 src/opamp_basic.o
 .text.OPERATIONAL_AMPLIFIER_0_SetOP0PositiveInMux
                0x00000000        0xe src/opamp_basic.o
 .text.OPERATIONAL_AMPLIFIER_0_SetOP0NegativeInMux
                0x00000000        0xe src/opamp_basic.o
 .text.OPERATIONAL_AMPLIFIER_0_SetOP0TopResMux
                0x00000000        0xe src/opamp_basic.o
 .text.OPERATIONAL_AMPLIFIER_0_SetOP0BottomResMux
                0x00000000        0xe src/opamp_basic.o
 .text.OPERATIONAL_AMPLIFIER_0_SetOP0WiperResMux
                0x00000000        0xe src/opamp_basic.o
 .text.OPERATIONAL_AMPLIFIER_0_SetOP0SettleTime
                0x00000000        0x6 src/opamp_basic.o
 .text.OPERATIONAL_AMPLIFIER_0_OPAMP_IsOP0Settled
                0x00000000        0xe src/opamp_basic.o
 .text.OPERATIONAL_AMPLIFIER_0_SetOP0OffsetCalibration
                0x00000000        0x6 src/opamp_basic.o
 .text.OPERATIONAL_AMPLIFIER_0_SetOP1PositiveInMux
                0x00000000        0xe src/opamp_basic.o
 .text.OPERATIONAL_AMPLIFIER_0_SetOP1NegativeInMux
                0x00000000        0xe src/opamp_basic.o
 .text.OPERATIONAL_AMPLIFIER_0_SetOP1TopResMux
                0x00000000        0xe src/opamp_basic.o
 .text.OPERATIONAL_AMPLIFIER_0_SetOP1BottomResMux
                0x00000000        0xe src/opamp_basic.o
 .text.OPERATIONAL_AMPLIFIER_0_SetOP1WiperResMux
                0x00000000        0xe src/opamp_basic.o
 .text.OPERATIONAL_AMPLIFIER_0_SetOP1SettleTime
                0x00000000        0x6 src/opamp_basic.o
 .text.OPERATIONAL_AMPLIFIER_0_OPAMP_IsOP1Settled
                0x00000000        0xe src/opamp_basic.o
 .text.OPERATIONAL_AMPLIFIER_0_SetOP1OffsetCalibration
                0x00000000        0x6 src/opamp_basic.o
 .text.OPERATIONAL_AMPLIFIER_0_SetOP2PositiveInMux
                0x00000000        0xe src/opamp_basic.o
 .text.OPERATIONAL_AMPLIFIER_0_SetOP2NegativeInMux
                0x00000000        0xe src/opamp_basic.o
 .text.OPERATIONAL_AMPLIFIER_0_SetOP2TopResMux
                0x00000000        0xe src/opamp_basic.o
 .text.OPERATIONAL_AMPLIFIER_0_SetOP2BottomResMux
                0x00000000        0xe src/opamp_basic.o
 .text.OPERATIONAL_AMPLIFIER_0_SetOP2WiperResMux
                0x00000000        0xe src/opamp_basic.o
 .text.OPERATIONAL_AMPLIFIER_0_SetOP2SettleTime
                0x00000000        0x6 src/opamp_basic.o
 .text.OPERATIONAL_AMPLIFIER_0_OPAMP_IsOP2Settled
                0x00000000        0xe src/opamp_basic.o
 .text.OPERATIONAL_AMPLIFIER_0_SetOP2OffsetCalibration
                0x00000000        0x6 src/opamp_basic.o
 .text          0x00000000        0x0 src/protected_io.o
 .data          0x00000000        0x0 src/protected_io.o
 .bss           0x00000000        0x0 src/protected_io.o
 .text          0x00000000        0x0 src/slpctrl.o
 .data          0x00000000        0x0 src/slpctrl.o
 .bss           0x00000000        0x0 src/slpctrl.o
 .text.SLPCTRL_set_sleep_mode
                0x00000000       0x10 src/slpctrl.o
 .text          0x00000000        0x0 src/tca.o
 .data          0x00000000        0x0 src/tca.o
 .bss           0x00000000        0x0 src/tca.o
 .text          0x00000000        0x0 c:/program files (x86)/atmel/studio/7.0/toolchain/avr8/avr8-gnu-toolchain/bin/../lib/gcc/avr/5.4.0/avrxmega4\libgcc.a(_exit.o)
 .data          0x00000000        0x0 c:/program files (x86)/atmel/studio/7.0/toolchain/avr8/avr8-gnu-toolchain/bin/../lib/gcc/avr/5.4.0/avrxmega4\libgcc.a(_exit.o)
 .bss           0x00000000        0x0 c:/program files (x86)/atmel/studio/7.0/toolchain/avr8/avr8-gnu-toolchain/bin/../lib/gcc/avr/5.4.0/avrxmega4\libgcc.a(_exit.o)
 .text.libgcc.mul
                0x00000000        0x0 c:/program files (x86)/atmel/studio/7.0/toolchain/avr8/avr8-gnu-toolchain/bin/../lib/gcc/avr/5.4.0/avrxmega4\libgcc.a(_exit.o)
 .text.libgcc.div
                0x00000000        0x0 c:/program files (x86)/atmel/studio/7.0/toolchain/avr8/avr8-gnu-toolchain/bin/../lib/gcc/avr/5.4.0/avrxmega4\libgcc.a(_exit.o)
 .text.libgcc   0x00000000        0x0 c:/program files (x86)/atmel/studio/7.0/toolchain/avr8/avr8-gnu-toolchain/bin/../lib/gcc/avr/5.4.0/avrxmega4\libgcc.a(_exit.o)
 .text.libgcc.prologue
                0x00000000        0x0 c:/program files (x86)/atmel/studio/7.0/toolchain/avr8/avr8-gnu-toolchain/bin/../lib/gcc/avr/5.4.0/avrxmega4\libgcc.a(_exit.o)
 .text.libgcc.builtins
                0x00000000        0x0 c:/program files (x86)/atmel/studio/7.0/toolchain/avr8/avr8-gnu-toolchain/bin/../lib/gcc/avr/5.4.0/avrxmega4\libgcc.a(_exit.o)
 .text.libgcc.fmul
                0x00000000        0x0 c:/program files (x86)/atmel/studio/7.0/toolchain/avr8/avr8-gnu-toolchain/bin/../lib/gcc/avr/5.4.0/avrxmega4\libgcc.a(_exit.o)
 .text.libgcc.fixed
                0x00000000        0x0 c:/program files (x86)/atmel/studio/7.0/toolchain/avr8/avr8-gnu-toolchain/bin/../lib/gcc/avr/5.4.0/avrxmega4\libgcc.a(_exit.o)
 .text          0x00000000        0x0 c:/program files (x86)/atmel/studio/7.0/toolchain/avr8/avr8-gnu-toolchain/bin/../lib/gcc/avr/5.4.0/avrxmega4\libgcc.a(_clear_bss.o)
 .data          0x00000000        0x0 c:/program files (x86)/atmel/studio/7.0/toolchain/avr8/avr8-gnu-toolchain/bin/../lib/gcc/avr/5.4.0/avrxmega4\libgcc.a(_clear_bss.o)
 .bss           0x00000000        0x0 c:/program files (x86)/atmel/studio/7.0/toolchain/avr8/avr8-gnu-toolchain/bin/../lib/gcc/avr/5.4.0/avrxmega4\libgcc.a(_clear_bss.o)
 .text.libgcc.mul
                0x00000000        0x0 c:/program files (x86)/atmel/studio/7.0/toolchain/avr8/avr8-gnu-toolchain/bin/../lib/gcc/avr/5.4.0/avrxmega4\libgcc.a(_clear_bss.o)
 .text.libgcc.div
                0x00000000        0x0 c:/program files (x86)/atmel/studio/7.0/toolchain/avr8/avr8-gnu-toolchain/bin/../lib/gcc/avr/5.4.0/avrxmega4\libgcc.a(_clear_bss.o)
 .text.libgcc   0x00000000        0x0 c:/program files (x86)/atmel/studio/7.0/toolchain/avr8/avr8-gnu-toolchain/bin/../lib/gcc/avr/5.4.0/avrxmega4\libgcc.a(_clear_bss.o)
 .text.libgcc.prologue
                0x00000000        0x0 c:/program files (x86)/atmel/studio/7.0/toolchain/avr8/avr8-gnu-toolchain/bin/../lib/gcc/avr/5.4.0/avrxmega4\libgcc.a(_clear_bss.o)
 .text.libgcc.builtins
                0x00000000        0x0 c:/program files (x86)/atmel/studio/7.0/toolchain/avr8/avr8-gnu-toolchain/bin/../lib/gcc/avr/5.4.0/avrxmega4\libgcc.a(_clear_bss.o)
 .text.libgcc.fmul
                0x00000000        0x0 c:/program files (x86)/atmel/studio/7.0/toolchain/avr8/avr8-gnu-toolchain/bin/../lib/gcc/avr/5.4.0/avrxmega4\libgcc.a(_clear_bss.o)
 .text.libgcc.fixed
                0x00000000        0x0 c:/program files (x86)/atmel/studio/7.0/toolchain/avr8/avr8-gnu-toolchain/bin/../lib/gcc/avr/5.4.0/avrxmega4\libgcc.a(_clear_bss.o)

Memory Configuration

Name             Origin             Length             Attributes
text             0x00000000         0x00020000         xr
data             0x00804000         0x00004000         rw !x
eeprom           0x00810000         0x00000200         rw !x
fuse             0x00820000         0x00000010         rw !x
lock             0x00830000         0x00000400         rw !x
signature        0x00840000         0x00000400         rw !x
user_signatures  0x00850000         0x00000400         rw !x
*default*        0x00000000         0xffffffff

Linker script and memory map

Address of section .data set to 0x804000
                0x00008000                __RODATA_PM_OFFSET__ = 0x8000
LOAD C:/Program Files (x86)/Atmel/Studio/7.0/Packs/Atmel/AVR-Dx_DFP/1.8.95/gcc/dev/avr128db48/avrxmega4/crtavr128db48.o
LOAD atmel_start.o
LOAD driver_isr.o
LOAD examples/src/adc_basic_example.o
LOAD examples/src/dac_basic_example.o
LOAD main.o
LOAD src/adc_basic.o
LOAD src/bod.o
LOAD src/clkctrl.o
LOAD src/cpuint.o
LOAD src/dac_basic.o
LOAD src/driver_init.o
LOAD src/evsys.o
LOAD src/opamp_basic.o
LOAD src/protected_io.o
LOAD src/slpctrl.o
LOAD src/tca.o
START GROUP
LOAD c:/program files (x86)/atmel/studio/7.0/toolchain/avr8/avr8-gnu-toolchain/bin/../lib/gcc/avr/5.4.0/../../../../avr/lib/avrxmega4\libm.a
END GROUP
START GROUP
LOAD c:/program files (x86)/atmel/studio/7.0/toolchain/avr8/avr8-gnu-toolchain/bin/../lib/gcc/avr/5.4.0/avrxmega4\libgcc.a
LOAD c:/program files (x86)/atmel/studio/7.0/toolchain/avr8/avr8-gnu-toolchain/bin/../lib/gcc/avr/5.4.0/../../../../avr/lib/avrxmega4\libm.a
LOAD c:/program files (x86)/atmel/studio/7.0/toolchain/avr8/avr8-gnu-toolchain/bin/../lib/gcc/avr/5.4.0/../../../../avr/lib/avrxmega4\libc.a
LOAD C:/Program Files (x86)/Atmel/Studio/7.0/Packs/Atmel/AVR-Dx_DFP/1.8.95/gcc/dev/avr128db48/avrxmega4\libavr128db48.a
END GROUP
                [0x00000000]                __TEXT_REGION_ORIGIN__ = DEFINED (__TEXT_REGION_ORIGIN__)?__TEXT_REGION_ORIGIN__:0x0
                [0x00804000]                __DATA_REGION_ORIGIN__ = DEFINED (__DATA_REGION_ORIGIN__)?__DATA_REGION_ORIGIN__:0x802000
                [0x00020000]                __TEXT_REGION_LENGTH__ = DEFINED (__TEXT_REGION_LENGTH__)?__TEXT_REGION_LENGTH__:0x100000
                [0x00004000]                __DATA_REGION_LENGTH__ = DEFINED (__DATA_REGION_LENGTH__)?__DATA_REGION_LENGTH__:0xffa0
                [0x00000200]                __EEPROM_REGION_LENGTH__ = DEFINED (__EEPROM_REGION_LENGTH__)?__EEPROM_REGION_LENGTH__:0x10000
                [0x00000010]                __FUSE_REGION_LENGTH__ = DEFINED (__FUSE_REGION_LENGTH__)?__FUSE_REGION_LENGTH__:0x400
                0x00000400                __LOCK_REGION_LENGTH__ = DEFINED (__LOCK_REGION_LENGTH__)?__LOCK_REGION_LENGTH__:0x400
                0x00000400                __SIGNATURE_REGION_LENGTH__ = DEFINED (__SIGNATURE_REGION_LENGTH__)?__SIGNATURE_REGION_LENGTH__:0x400
                0x00000400                __USER_SIGNATURE_REGION_LENGTH__ = DEFINED (__USER_SIGNATURE_REGION_LENGTH__)?__USER_SIGNATURE_REGION_LENGTH__:0x400

.hash
 *(.hash)

.dynsym
 *(.dynsym)

.dynstr
 *(.dynstr)

.gnu.version
 *(.gnu.version)

.gnu.version_d
 *(.gnu.version_d)

.gnu.version_r
 *(.gnu.version_r)

.rel.init
 *(.rel.init)

.rela.init
 *(.rela.init)

.rel.text
 *(.rel.text)
 *(.rel.text.*)
 *(.rel.gnu.linkonce.t*)

.rela.text
 *(.rela.text)
 *(.rela.text.*)
 *(.rela.gnu.linkonce.t*)

.rel.fini
 *(.rel.fini)

.rela.fini
 *(.rela.fini)

.rel.rodata
 *(.rel.rodata)
 *(.rel.rodata.*)
 *(.rel.gnu.linkonce.r*)

.rela.rodata
 *(.rela.rodata)
 *(.rela.rodata.*)
 *(.rela.gnu.linkonce.r*)

.rel.data
 *(.rel.data)
 *(.rel.data.*)
 *(.rel.gnu.linkonce.d*)

.rela.data
 *(.rela.data)
 *(.rela.data.*)
 *(.rela.gnu.linkonce.d*)

.rel.ctors
 *(.rel.ctors)

.rela.ctors
 *(.rela.ctors)

.rel.dtors
 *(.rel.dtors)

.rela.dtors
 *(.rela.dtors)

.rel.got
 *(.rel.got)

.rela.got
 *(.rela.got)

.rel.bss
 *(.rel.bss)

.rela.bss
 *(.rela.bss)

.rel.plt
 *(.rel.plt)

.rela.plt
 *(.rela.plt)

.text           0x00000000      0x49c
 *(.vectors)
 .vectors       0x00000000       0xf4 C:/Program Files (x86)/Atmel/Studio/7.0/Packs/Atmel/AVR-Dx_DFP/1.8.95/gcc/dev/avr128db48/avrxmega4/crtavr128db48.o
                0x00000000                __vector_default
                0x00000000                __vectors
 *(.vectors)
 *(.progmem.gcc*)
                0x000000f4                . = ALIGN (0x2)
                0x000000f4                __trampolines_start = .
 *(.trampolines)
 .trampolines   0x000000f4        0x0 linker stubs
 *(.trampolines*)
                0x000000f4                __trampolines_end = .
 *libprintf_flt.a:*(.progmem.data)
 *libc.a:*(.progmem.data)
 *(.progmem*)
                0x000000f4                . = ALIGN (0x2)
 *(.jumptables)
 *(.jumptables*)
 *(.lowtext)
 *(.lowtext*)
                0x000000f4                __ctors_start = .
 *(.ctors)
                0x000000f4                __ctors_end = .
                0x000000f4                __dtors_start = .
 *(.dtors)
                0x000000f4                __dtors_end = .
 SORT(*)(.ctors)
 SORT(*)(.dtors)
 *(.init0)
 .init0         0x000000f4        0x0 C:/Program Files (x86)/Atmel/Studio/7.0/Packs/Atmel/AVR-Dx_DFP/1.8.95/gcc/dev/avr128db48/avrxmega4/crtavr128db48.o
                0x000000f4                __init
 *(.init0)
 *(.init1)
 *(.init1)
 *(.init2)
 .init2         0x000000f4        0xc C:/Program Files (x86)/Atmel/Studio/7.0/Packs/Atmel/AVR-Dx_DFP/1.8.95/gcc/dev/avr128db48/avrxmega4/crtavr128db48.o
 *(.init2)
 *(.init3)
 *(.init3)
 *(.init4)
 .init4         0x00000100       0x10 c:/program files (x86)/atmel/studio/7.0/toolchain/avr8/avr8-gnu-toolchain/bin/../lib/gcc/avr/5.4.0/avrxmega4\libgcc.a(_clear_bss.o)
                0x00000100                __do_clear_bss
 *(.init4)
 *(.init5)
 *(.init5)
 *(.init6)
 *(.init6)
 *(.init7)
 *(.init7)
 *(.init8)
 *(.init8)
 *(.init9)
 .init9         0x00000110        0x8 C:/Program Files (x86)/Atmel/Studio/7.0/Packs/Atmel/AVR-Dx_DFP/1.8.95/gcc/dev/avr128db48/avrxmega4/crtavr128db48.o
 *(.init9)
 *(.text)
 .text          0x00000118        0x4 C:/Program Files (x86)/Atmel/Studio/7.0/Packs/Atmel/AVR-Dx_DFP/1.8.95/gcc/dev/avr128db48/avrxmega4/crtavr128db48.o
                0x00000118                __vector_38
                0x00000118                __vector_22
                0x00000118                __vector_28
                0x00000118                __vector_1
                0x00000118                __vector_32
                0x00000118                __vector_34
                0x00000118                __vector_24
                0x00000118                __vector_12
                0x00000118                __vector_55
                0x00000118                __vector_46
                0x00000118                __bad_interrupt
                0x00000118                __vector_6
                0x00000118                __vector_31
                0x00000118                __vector_35
                0x00000118                __vector_39
                0x00000118                __vector_3
                0x00000118                __vector_23
                0x00000118                __vector_30
                0x00000118                __vector_45
                0x00000118                __vector_25
                0x00000118                __vector_11
                0x00000118                __vector_54
                0x00000118                __vector_13
                0x00000118                __vector_17
                0x00000118                __vector_19
                0x00000118                __vector_56
                0x00000118                __vector_7
                0x00000118                __vector_41
                0x00000118                __vector_43
                0x00000118                __vector_27
                0x00000118                __vector_5
                0x00000118                __vector_33
                0x00000118                __vector_47
                0x00000118                __vector_52
                0x00000118                __vector_37
                0x00000118                __vector_4
                0x00000118                __vector_44
                0x00000118                __vector_51
                0x00000118                __vector_9
                0x00000118                __vector_2
                0x00000118                __vector_21
                0x00000118                __vector_15
                0x00000118                __vector_36
                0x00000118                __vector_58
                0x00000118                __vector_29
                0x00000118                __vector_60
                0x00000118                __vector_40
                0x00000118                __vector_8
                0x00000118                __vector_26
                0x00000118                __vector_48
                0x00000118                __vector_14
                0x00000118                __vector_57
                0x00000118                __vector_53
                0x00000118                __vector_10
                0x00000118                __vector_50
                0x00000118                __vector_16
                0x00000118                __vector_59
                0x00000118                __vector_18
                0x00000118                __vector_20
                0x00000118                __vector_42
                0x0000011c                . = ALIGN (0x2)
 *(.text.*)
 .text.atmel_start_init
                0x0000011c        0x6 atmel_start.o
                0x0000011c                atmel_start_init
 .text.__vector_49
                0x00000122       0xd8 driver_isr.o
                0x00000122                __vector_49
 .text.main     0x000001fa        0xe main.o
                0x000001fa                main
 .text.ADC_0_init
                0x00000208       0x18 src/adc_basic.o
                0x00000208                ADC_0_init
 .text.BOD_init
                0x00000220        0x8 src/bod.o
                0x00000220                BOD_init
 .text.CLKCTRL_init
                0x00000228       0x1c src/clkctrl.o
                0x00000228                CLKCTRL_init
 .text.CPUINT_init
                0x00000244       0x12 src/cpuint.o
                0x00000244                CPUINT_init
 .text.DAC_0_init
                0x00000256       0x14 src/dac_basic.o
                0x00000256                DAC_0_init
 .text.mcu_init
                0x0000026a       0x92 src/driver_init.o
                0x0000026a                mcu_init
 .text.OPERATIONAL_AMPLIFIER_0_initialization
                0x000002fc       0x84 src/driver_init.o
                0x000002fc                OPERATIONAL_AMPLIFIER_0_initialization
 .text.EVENT_SYSTEM_0_initialization
                0x00000380        0x6 src/driver_init.o
                0x00000380                EVENT_SYSTEM_0_initialization
 .text.DAC_0_initialization
                0x00000386       0x18 src/driver_init.o
                0x00000386                DAC_0_initialization
 .text.ADC_0_initialization
                0x0000039e        0x6 src/driver_init.o
                0x0000039e                ADC_0_initialization
 .text.TIMER_0_initialization
                0x000003a4       0x1c src/driver_init.o
                0x000003a4                TIMER_0_initialization
 .text.TIMER_1_initialization
                0x000003c0        0x6 src/driver_init.o
                0x000003c0                TIMER_1_initialization
 .text.system_init
                0x000003c6       0x3a src/driver_init.o
                0x000003c6                system_init
 .text.EVENT_SYSTEM_0_init
                0x00000400       0x10 src/evsys.o
                0x00000400                EVENT_SYSTEM_0_init
 .text.OPERATIONAL_AMPLIFIER_0_init
                0x00000410       0x2a src/opamp_basic.o
                0x00000410                OPERATIONAL_AMPLIFIER_0_init
 .text.OPERATIONAL_AMPLIFIER_0_EnableSystem
                0x0000043a        0xc src/opamp_basic.o
                0x0000043a                OPERATIONAL_AMPLIFIER_0_EnableSystem
 .text.OPERATIONAL_AMPLIFIER_0_DisableSystem
                0x00000446        0xc src/opamp_basic.o
                0x00000446                OPERATIONAL_AMPLIFIER_0_DisableSystem
 .text.protected_write_io
                0x00000452        0xa src/protected_io.o
                0x00000452                protected_write_io
 .text.SLPCTRL_init
                0x0000045c        0x4 src/slpctrl.o
                0x0000045c                SLPCTRL_init
 .text.TIMER_0_init
                0x00000460       0x1c src/tca.o
                0x00000460                TIMER_0_init
 .text.TIMER_1_init
                0x0000047c       0x1c src/tca.o
                0x0000047c                TIMER_1_init
                0x00000498                . = ALIGN (0x2)
 *(.fini9)
 .fini9         0x00000498        0x0 c:/program files (x86)/atmel/studio/7.0/toolchain/avr8/avr8-gnu-toolchain/bin/../lib/gcc/avr/5.4.0/avrxmega4\libgcc.a(_exit.o)
                0x00000498                _exit
                0x00000498                exit
 *(.fini9)
 *(.fini8)
 *(.fini8)
 *(.fini7)
 *(.fini7)
 *(.fini6)
 *(.fini6)
 *(.fini5)
 *(.fini5)
 *(.fini4)
 *(.fini4)
 *(.fini3)
 *(.fini3)
 *(.fini2)
 *(.fini2)
 *(.fini1)
 *(.fini1)
 *(.fini0)
 .fini0         0x00000498        0x4 c:/program files (x86)/atmel/studio/7.0/toolchain/avr8/avr8-gnu-toolchain/bin/../lib/gcc/avr/5.4.0/avrxmega4\libgcc.a(_exit.o)
 *(.fini0)
                0x0000049c                _etext = .

.data           0x00804000        0x0 load address 0x0000049c
                [!provide]                PROVIDE (__data_start, .)
 *(.data)
 *(.data*)
 *(.gnu.linkonce.d*)
 *(.rodata)
 *(.rodata*)
 *(.gnu.linkonce.r*)
                0x00804000                . = ALIGN (0x2)
                0x00804000                _edata = .
                [!provide]                PROVIDE (__data_end, .)

.bss            0x00804000        0x2
                0x00804000                PROVIDE (__bss_start, .)
 *(.bss)
 *(.bss*)
 .bss.blank     0x00804000        0x2 driver_isr.o
                0x00804000                blank
 *(COMMON)
                0x00804002                PROVIDE (__bss_end, .)
                0x0000049c                __data_load_start = LOADADDR (.data)
                0x0000049c                __data_load_end = (__data_load_start + SIZEOF (.data))

.noinit         0x00804002        0x0
                [!provide]                PROVIDE (__noinit_start, .)
 *(.noinit*)
                [!provide]                PROVIDE (__noinit_end, .)
                0x00804002                _end = .
                [!provide]                PROVIDE (__heap_start, .)

.eeprom         0x00810000        0x0
 *(.eeprom*)
                0x00810000                __eeprom_end = .

.fuse
 *(.fuse)
 *(.lfuse)
 *(.hfuse)
 *(.efuse)

.lock
 *(.lock*)

.signature
 *(.signature*)

.user_signatures
 *(.user_signatures*)

.stab
 *(.stab)

.stabstr
 *(.stabstr)

.stab.excl
 *(.stab.excl)

.stab.exclstr
 *(.stab.exclstr)

.stab.index
 *(.stab.index)

.stab.indexstr
 *(.stab.indexstr)

.comment        0x00000000       0x30
 *(.comment)
 .comment       0x00000000       0x30 atmel_start.o
                                 0x31 (size before relaxing)
 .comment       0x00000030       0x31 driver_isr.o
 .comment       0x00000030       0x31 main.o
 .comment       0x00000030       0x31 src/adc_basic.o
 .comment       0x00000030       0x31 src/bod.o
 .comment       0x00000030       0x31 src/clkctrl.o
 .comment       0x00000030       0x31 src/cpuint.o
 .comment       0x00000030       0x31 src/dac_basic.o
 .comment       0x00000030       0x31 src/driver_init.o
 .comment       0x00000030       0x31 src/evsys.o
 .comment       0x00000030       0x31 src/opamp_basic.o
 .comment       0x00000030       0x31 src/slpctrl.o
 .comment       0x00000030       0x31 src/tca.o

.note.gnu.avr.deviceinfo
                0x00000000       0x40
 .note.gnu.avr.deviceinfo
                0x00000000       0x40 C:/Program Files (x86)/Atmel/Studio/7.0/Packs/Atmel/AVR-Dx_DFP/1.8.95/gcc/dev/avr128db48/avrxmega4/crtavr128db48.o

.note.gnu.build-id
 *(.note.gnu.build-id)

.debug
 *(.debug)

.line
 *(.line)

.debug_srcinfo
 *(.debug_srcinfo)

.debug_sfnames
 *(.debug_sfnames)

.debug_aranges  0x00000000      0x348
 *(.debug_aranges)
 .debug_aranges
                0x00000000       0x20 atmel_start.o
 .debug_aranges
                0x00000020       0x20 driver_isr.o
 .debug_aranges
                0x00000040       0x20 main.o
 .debug_aranges
                0x00000060       0x70 src/adc_basic.o
 .debug_aranges
                0x000000d0       0x20 src/bod.o
 .debug_aranges
                0x000000f0       0x20 src/clkctrl.o
 .debug_aranges
                0x00000110       0x20 src/cpuint.o
 .debug_aranges
                0x00000130       0x40 src/dac_basic.o
 .debug_aranges
                0x00000170       0x58 src/driver_init.o
 .debug_aranges
                0x000001c8       0x20 src/evsys.o
 .debug_aranges
                0x000001e8       0xf0 src/opamp_basic.o
 .debug_aranges
                0x000002d8       0x20 src/protected_io.o
 .debug_aranges
                0x000002f8       0x28 src/slpctrl.o
 .debug_aranges
                0x00000320       0x28 src/tca.o

.debug_pubnames
 *(.debug_pubnames)

.debug_info     0x00000000     0x774f
 *(.debug_info .gnu.linkonce.wi.*)
 .debug_info    0x00000000     0x2f42 C:/Program Files (x86)/Atmel/Studio/7.0/Packs/Atmel/AVR-Dx_DFP/1.8.95/gcc/dev/avr128db48/avrxmega4/crtavr128db48.o
 .debug_info    0x00002f42       0x9a atmel_start.o
 .debug_info    0x00002fdc      0xb81 driver_isr.o
 .debug_info    0x00003b5d      0x2c9 main.o
 .debug_info    0x00003e26      0x65d src/adc_basic.o
 .debug_info    0x00004483      0x188 src/bod.o
 .debug_info    0x0000460b      0x3b3 src/clkctrl.o
 .debug_info    0x000049be      0x197 src/cpuint.o
 .debug_info    0x00004b55      0x1d3 src/dac_basic.o
 .debug_info    0x00004d28      0xf97 src/driver_init.o
 .debug_info    0x00005cbf      0x706 src/evsys.o
 .debug_info    0x000063c5      0xa51 src/opamp_basic.o
 .debug_info    0x00006e16       0x7a src/protected_io.o
 .debug_info    0x00006e90      0x136 src/slpctrl.o
 .debug_info    0x00006fc6      0x789 src/tca.o

.debug_abbrev   0x00000000     0x3ad7
 *(.debug_abbrev)
 .debug_abbrev  0x00000000     0x2cc2 C:/Program Files (x86)/Atmel/Studio/7.0/Packs/Atmel/AVR-Dx_DFP/1.8.95/gcc/dev/avr128db48/avrxmega4/crtavr128db48.o
 .debug_abbrev  0x00002cc2       0x63 atmel_start.o
 .debug_abbrev  0x00002d25      0x1bc driver_isr.o
 .debug_abbrev  0x00002ee1       0xc8 main.o
 .debug_abbrev  0x00002fa9      0x1bb src/adc_basic.o
 .debug_abbrev  0x00003164       0xaf src/bod.o
 .debug_abbrev  0x00003213      0x128 src/clkctrl.o
 .debug_abbrev  0x0000333b      0x105 src/cpuint.o
 .debug_abbrev  0x00003440      0x10b src/dac_basic.o
 .debug_abbrev  0x0000354b      0x1d4 src/driver_init.o
 .debug_abbrev  0x0000371f       0xaf src/evsys.o
 .debug_abbrev  0x000037ce      0x12f src/opamp_basic.o
 .debug_abbrev  0x000038fd       0x14 src/protected_io.o
 .debug_abbrev  0x00003911       0xc4 src/slpctrl.o
 .debug_abbrev  0x000039d5      0x102 src/tca.o

.debug_line     0x00000000     0x186d
 *(.debug_line .debug_line.* .debug_line_end)
 .debug_line    0x00000000      0x205 C:/Program Files (x86)/Atmel/Studio/7.0/Packs/Atmel/AVR-Dx_DFP/1.8.95/gcc/dev/avr128db48/avrxmega4/crtavr128db48.o
 .debug_line    0x00000205       0x60 atmel_start.o
 .debug_line    0x00000265      0x1b3 driver_isr.o
 .debug_line    0x00000418      0x123 main.o
 .debug_line    0x0000053b      0x28c src/adc_basic.o
 .debug_line    0x000007c7      0x10c src/bod.o
 .debug_line    0x000008d3      0x13a src/clkctrl.o
 .debug_line    0x00000a0d      0x13f src/cpuint.o
 .debug_line    0x00000b4c      0x194 src/dac_basic.o
 .debug_line    0x00000ce0      0x3fe src/driver_init.o
 .debug_line    0x000010de      0x115 src/evsys.o
 .debug_line    0x000011f3      0x3b2 src/opamp_basic.o
 .debug_line    0x000015a5       0x5b src/protected_io.o
 .debug_line    0x00001600      0x120 src/slpctrl.o
 .debug_line    0x00001720      0x14d src/tca.o

.debug_frame    0x00000000      0x52c
 *(.debug_frame)
 .debug_frame   0x00000000       0x24 atmel_start.o
 .debug_frame   0x00000024       0x6c driver_isr.o
 .debug_frame   0x00000090       0x24 main.o
 .debug_frame   0x000000b4       0xc4 src/adc_basic.o
 .debug_frame   0x00000178       0x24 src/bod.o
 .debug_frame   0x0000019c       0x24 src/clkctrl.o
 .debug_frame   0x000001c0       0x24 src/cpuint.o
 .debug_frame   0x000001e4       0x64 src/dac_basic.o
 .debug_frame   0x00000248       0x94 src/driver_init.o
 .debug_frame   0x000002dc       0x24 src/evsys.o
 .debug_frame   0x00000300      0x1c4 src/opamp_basic.o
 .debug_frame   0x000004c4       0x34 src/slpctrl.o
 .debug_frame   0x000004f8       0x34 src/tca.o

.debug_str      0x00000000     0x48c9
 *(.debug_str)
 .debug_str     0x00000000     0x14f0 C:/Program Files (x86)/Atmel/Studio/7.0/Packs/Atmel/AVR-Dx_DFP/1.8.95/gcc/dev/avr128db48/avrxmega4/crtavr128db48.o
 .debug_str     0x000014f0      0x15a atmel_start.o
                                0x18e (size before relaxing)
 .debug_str     0x0000164a      0x377 driver_isr.o
                                0x520 (size before relaxing)
 .debug_str     0x000019c1       0x11 main.o
                                0x281 (size before relaxing)
 .debug_str     0x000019d2      0x64c src/adc_basic.o
                                0x849 (size before relaxing)
 .debug_str     0x0000201e       0x7e src/bod.o
                                0x231 (size before relaxing)
 .debug_str     0x0000209c      0x299 src/clkctrl.o
                                0x46b (size before relaxing)
 .debug_str     0x00002335       0x43 src/cpuint.o
                                0x215 (size before relaxing)
 .debug_str     0x00002378       0x92 src/dac_basic.o
                                0x238 (size before relaxing)
 .debug_str     0x0000240a      0x3b6 src/driver_init.o
                                0x6de (size before relaxing)
 .debug_str     0x000027c0      0xc33 src/evsys.o
                                0xdf7 (size before relaxing)
 .debug_str     0x000033f3     0x1260 src/opamp_basic.o
                               0x1487 (size before relaxing)
 .debug_str     0x00004653       0xb9 src/slpctrl.o
                                0x245 (size before relaxing)
 .debug_str     0x0000470c      0x1bd src/tca.o
                                0x546 (size before relaxing)

.debug_loc      0x00000000      0x9bc
 *(.debug_loc)
 .debug_loc     0x00000000      0x193 driver_isr.o
 .debug_loc     0x00000193       0xb1 src/adc_basic.o
 .debug_loc     0x00000244       0x53 src/clkctrl.o
 .debug_loc     0x00000297       0x2a src/cpuint.o
 .debug_loc     0x000002c1       0x28 src/dac_basic.o
 .debug_loc     0x000002e9      0x4c3 src/driver_init.o
 .debug_loc     0x000007ac      0x1ef src/opamp_basic.o
 .debug_loc     0x0000099b       0x21 src/slpctrl.o

.debug_macinfo
 *(.debug_macinfo)

.debug_weaknames
 *(.debug_weaknames)

.debug_funcnames
 *(.debug_funcnames)

.debug_typenames
 *(.debug_typenames)

.debug_varnames
 *(.debug_varnames)

.debug_pubtypes
 *(.debug_pubtypes)

.debug_ranges   0x00000000      0x258
 *(.debug_ranges)
 .debug_ranges  0x00000000       0x10 atmel_start.o
 .debug_ranges  0x00000010       0x10 driver_isr.o
 .debug_ranges  0x00000020       0x10 main.o
 .debug_ranges  0x00000030       0x60 src/adc_basic.o
 .debug_ranges  0x00000090       0x10 src/bod.o
 .debug_ranges  0x000000a0       0x10 src/clkctrl.o
 .debug_ranges  0x000000b0       0x10 src/cpuint.o
 .debug_ranges  0x000000c0       0x30 src/dac_basic.o
 .debug_ranges  0x000000f0       0x48 src/driver_init.o
 .debug_ranges  0x00000138       0x10 src/evsys.o
 .debug_ranges  0x00000148       0xe0 src/opamp_basic.o
 .debug_ranges  0x00000228       0x18 src/slpctrl.o
 .debug_ranges  0x00000240       0x18 src/tca.o

.debug_macro
 *(.debug_macro)
OUTPUT(wacom3.elf elf32-avr)
LOAD linker stubs
